// Jest Snapshot v1, https://goo.gl/fbAQLP

exports[`RandomCounter makes an API call and displays the value: idle 1`] = `
<div>
  Value: 5
</div>
`;
